Fitter Route Stage Report for fsm
Wed Nov 16 15:44:04 2022
Quartus Prime Version 22.3.0 Build 104 09/14/2022 SC Pro Edition


---------------------
; Table of Contents ;
---------------------
  1. Legal Notice
  2. Delay Chain Summary
  3. Routing Usage Summary
  4. Route Messages
  5. Estimated Delay Added for Hold Timing Summary
  6. Estimated Delay Added for Hold Timing Details



----------------
; Legal Notice ;
----------------
Copyright (C) 2022  Intel Corporation. All rights reserved.
Your use of Intel Corporation's design tools, logic functions 
and other software and tools, and any partner logic 
functions, and any output files from any of the foregoing 
(including device programming or simulation files), and any 
associated documentation or information are expressly subject 
to the terms and conditions of the Intel Program License 
Subscription Agreement, the Intel Quartus Prime License Agreement,
the Intel FPGA IP License Agreement, or other applicable license
agreement, including, without limitation, that your use is for
the sole purpose of programming logic devices manufactured by
Intel and sold by Intel or its authorized distributors.  Please
refer to the applicable agreement for further details, at
https://fpgasoftware.intel.com/eula.



+-------------------------------------------------------------------------------------------------------------------------------------------------------------------+
; Delay Chain Summary                                                                                                                                               ;
+------------------+----------+---------------------+--------------------+----------------+-----------------------------------+-------------------------------------+
; Name             ; Pin Type ; Input Delay Chain 0 ; Output Delay Chain ; OE Delay Chain ; IO_12_LANE Input Data Delay Chain ; IO_12_LANE Input Strobe Delay Chain ;
+------------------+----------+---------------------+--------------------+----------------+-----------------------------------+-------------------------------------+
; inst[8]          ; Input    ; --                  ; --                 ; --             ; --                                ; --                                  ;
; inst[9]          ; Input    ; --                  ; --                 ; --             ; --                                ; --                                  ;
; inst[10]         ; Input    ; --                  ; --                 ; --             ; --                                ; --                                  ;
; inst[11]         ; Input    ; --                  ; --                 ; --             ; --                                ; --                                  ;
; inst[12]         ; Input    ; --                  ; --                 ; --             ; --                                ; --                                  ;
; inst[13]         ; Input    ; --                  ; --                 ; --             ; --                                ; --                                  ;
; inst[14]         ; Input    ; --                  ; --                 ; --             ; --                                ; --                                  ;
; inst[15]         ; Input    ; --                  ; --                 ; --             ; --                                ; --                                  ;
; inst[16]         ; Input    ; --                  ; --                 ; --             ; --                                ; --                                  ;
; inst[17]         ; Input    ; --                  ; --                 ; --             ; --                                ; --                                  ;
; inst[18]         ; Input    ; --                  ; --                 ; --             ; --                                ; --                                  ;
; inst[25]         ; Input    ; --                  ; --                 ; --             ; --                                ; --                                  ;
; inst[26]         ; Input    ; --                  ; --                 ; --             ; --                                ; --                                  ;
; inst[27]         ; Input    ; --                  ; --                 ; --             ; --                                ; --                                  ;
; inst[28]         ; Input    ; --                  ; --                 ; --             ; --                                ; --                                  ;
; inst[29]         ; Input    ; --                  ; --                 ; --             ; --                                ; --                                  ;
; inst[30]         ; Input    ; --                  ; --                 ; --             ; --                                ; --                                  ;
; inst[31]         ; Input    ; --                  ; --                 ; --             ; --                                ; --                                  ;
; inst[32]         ; Input    ; --                  ; --                 ; --             ; --                                ; --                                  ;
; inst[33]         ; Input    ; --                  ; --                 ; --             ; --                                ; --                                  ;
; inst[34]         ; Input    ; --                  ; --                 ; --             ; --                                ; --                                  ;
; inst[35]         ; Input    ; --                  ; --                 ; --             ; --                                ; --                                  ;
; inst[36]         ; Input    ; --                  ; --                 ; --             ; --                                ; --                                  ;
; inst[37]         ; Input    ; --                  ; --                 ; --             ; --                                ; --                                  ;
; inst[38]         ; Input    ; --                  ; --                 ; --             ; --                                ; --                                  ;
; inst[39]         ; Input    ; --                  ; --                 ; --             ; --                                ; --                                  ;
; carry_in         ; Output   ; --                  ; 0                  ; 0              ; --                                ; --                                  ;
; ren_1_dummy      ; Output   ; --                  ; 0                  ; 0              ; --                                ; --                                  ;
; ren_2_dummy      ; Output   ; --                  ; 0                  ; 0              ; --                                ; --                                  ;
; wen_1_dummy      ; Output   ; --                  ; 0                  ; 0              ; --                                ; --                                  ;
; wen_2_dummy      ; Output   ; --                  ; 0                  ; 0              ; --                                ; --                                  ;
; raddr_1_dummy[0] ; Output   ; --                  ; 0                  ; 0              ; --                                ; --                                  ;
; raddr_1_dummy[1] ; Output   ; --                  ; 0                  ; 0              ; --                                ; --                                  ;
; raddr_1_dummy[2] ; Output   ; --                  ; 0                  ; 0              ; --                                ; --                                  ;
; raddr_2_dummy[0] ; Output   ; --                  ; 0                  ; 0              ; --                                ; --                                  ;
; raddr_2_dummy[1] ; Output   ; --                  ; 0                  ; 0              ; --                                ; --                                  ;
; raddr_2_dummy[2] ; Output   ; --                  ; 0                  ; 0              ; --                                ; --                                  ;
; waddr_1_dummy[0] ; Output   ; --                  ; 0                  ; 0              ; --                                ; --                                  ;
; waddr_1_dummy[1] ; Output   ; --                  ; 0                  ; 0              ; --                                ; --                                  ;
; waddr_1_dummy[2] ; Output   ; --                  ; 0                  ; 0              ; --                                ; --                                  ;
; waddr_2_dummy[0] ; Output   ; --                  ; 0                  ; 0              ; --                                ; --                                  ;
; waddr_2_dummy[1] ; Output   ; --                  ; 0                  ; 0              ; --                                ; --                                  ;
; waddr_2_dummy[2] ; Output   ; --                  ; 0                  ; 0              ; --                                ; --                                  ;
; wsel_1_dummy[0]  ; Output   ; --                  ; 0                  ; 0              ; --                                ; --                                  ;
; wsel_1_dummy[1]  ; Output   ; --                  ; 0                  ; 0              ; --                                ; --                                  ;
; wsel_2_dummy     ; Output   ; --                  ; 0                  ; 0              ; --                                ; --                                  ;
; readout_dummy    ; Output   ; --                  ; 0                  ; 0              ; --                                ; --                                  ;
; comp_en          ; Input    ; 0                   ; --                 ; --             ; --                                ; --                                  ;
; inst[21]         ; Input    ; 0                   ; --                 ; --             ; --                                ; --                                  ;
; reset_bram       ; Input    ; 0                   ; --                 ; --             ; --                                ; --                                  ;
; inst[24]         ; Input    ; 0                   ; --                 ; --             ; --                                ; --                                  ;
; clk              ; Input    ; 0                   ; --                 ; --             ; --                                ; --                                  ;
; inst[22]         ; Input    ; 0                   ; --                 ; --             ; --                                ; --                                  ;
; inst[23]         ; Input    ; 0                   ; --                 ; --             ; --                                ; --                                  ;
; inst[7]          ; Input    ; 0                   ; --                 ; --             ; --                                ; --                                  ;
; inst[19]         ; Input    ; 0                   ; --                 ; --             ; --                                ; --                                  ;
; inst[20]         ; Input    ; 0                   ; --                 ; --             ; --                                ; --                                  ;
; inst[6]          ; Input    ; 0                   ; --                 ; --             ; --                                ; --                                  ;
; inst[5]          ; Input    ; 0                   ; --                 ; --             ; --                                ; --                                  ;
; inst[4]          ; Input    ; 0                   ; --                 ; --             ; --                                ; --                                  ;
; inst[3]          ; Input    ; 0                   ; --                 ; --             ; --                                ; --                                  ;
; inst[2]          ; Input    ; 0                   ; --                 ; --             ; --                                ; --                                  ;
; inst[1]          ; Input    ; 0                   ; --                 ; --             ; --                                ; --                                  ;
; inst[0]          ; Input    ; 0                   ; --                 ; --             ; --                                ; --                                  ;
+------------------+----------+---------------------+--------------------+----------------+-----------------------------------+-------------------------------------+


+----------------------------------------------------------+
; Routing Usage Summary                                    ;
+------------------------------+---------------------------+
; Routing Resource Type        ; Usage                     ;
+------------------------------+---------------------------+
; Block interconnects          ; 140 / 3,375,986 ( < 1 % ) ;
; C27 interconnects            ; 0 / 56,741 ( 0 % )        ;
; C4 interconnects             ; 166 / 2,570,048 ( < 1 % ) ;
; Direct links                 ; 41 / 3,375,986 ( < 1 % )  ;
; Global clocks                ; 1 / 32 ( 3 % )            ;
; Periphery clocks             ; 0 / 910 ( 0 % )           ;
; R3 interconnects             ; 37 / 1,214,760 ( < 1 % )  ;
; R32 interconnects            ; 0 / 99,472 ( 0 % )        ;
; R32/C27 interconnect drivers ; 0 / 385,136 ( 0 % )       ;
; R6 interconnects             ; 42 / 2,336,152 ( < 1 % )  ;
; Regional clock lefts         ; 0 / 16 ( 0 % )            ;
; Regional clock out bottoms   ; 0 / 16 ( 0 % )            ;
; Regional clock out tops      ; 0 / 16 ( 0 % )            ;
; Regional clock rights        ; 0 / 16 ( 0 % )            ;
; Regional clocks              ; 0 / 16 ( 0 % )            ;
; Spine buffers                ; 1 / 704 ( < 1 % )         ;
; Spine clocks                 ; 1 / 1,056 ( < 1 % )       ;
; Spine feedthroughs           ; 0 / 1,024 ( 0 % )         ;
+------------------------------+---------------------------+


+----------------+
; Route Messages ;
+----------------+
Info (20030): Parallel compilation is enabled and will use 16 of the 16 processors detected
Info: *******************************************************************
Info: Running Quartus Prime Fitter
    Info: Version 22.3.0 Build 104 09/14/2022 SC Pro Edition
    Info: Processing started: Wed Nov 16 15:43:16 2022
    Info: System process ID: 16479
Info: Command: quartus_fit --read_settings_files=on --write_settings_files=off fsm -c fsm
Info: qfit2_default_script.tcl version: #1
Info: Project  = fsm
Info: Revision = fsm
Info (170193): Fitter routing operations beginning
Info (170199): The Fitter performed an Auto Fit compilation.  Optimizations were skipped to reduce compilation time.
    Info (170201): Optimizations that may affect the design's routability were skipped
    Info (170200): Optimizations that may affect the design's timing were skipped
Info (22793): The Timing Analyzer is analyzing 4 combinational loops as latches. To see the list of latches that were not entered as explicit comb loops in design files, view the "User-Specified and Inferred Latches" table in the Synthesis report.
Info (11888): Total time spent on timing analysis during Routing is 0.02 seconds.
Info (16607): Fitter routing operations ending: elapsed time is 00:00:11


+------------------------------------------------------------+
; Estimated Delay Added for Hold Timing Summary              ;
+-----------------+----------------------+-------------------+
; Source Clock(s) ; Destination Clock(s) ; Delay Added in ns ;
+-----------------+----------------------+-------------------+
; clk             ; clk                  ; 9.0               ;
+-----------------+----------------------+-------------------+
Note: For more information on problematic transfers, consider running the Fitter again with the Optimize hold timing option (Settings Menu) turned off.
This will disable optimization of problematic paths and expose them for further analysis using the Timing Analyzer.


+--------------------------------------------------------------------+
; Estimated Delay Added for Hold Timing Details                      ;
+-------------------------+----------------------+-------------------+
; Source Register         ; Destination Register ; Delay Added in ns ;
+-------------------------+----------------------+-------------------+
; input_1[1]              ; input_1[2]           ; 0.278             ;
; input_2[2]              ; input_2[3]           ; 0.258             ;
; input_1[2]              ; input_1[3]           ; 0.255             ;
; input_2[3]              ; input_2[4]           ; 0.248             ;
; input_2[5]              ; input_2[6]           ; 0.245             ;
; input_1[3]              ; input_1[4]           ; 0.242             ;
; input_2[6]              ; input_2[7]           ; 0.241             ;
; input_1[6]              ; input_1[7]           ; 0.239             ;
; input_1[5]              ; input_1[6]           ; 0.236             ;
; input_1[4]              ; input_1[5]           ; 0.229             ;
; state_now.STATE_PREADD  ; state_now.STATE_INV  ; 0.193             ;
; input_2[1]              ; input_2[2]           ; 0.180             ;
; input_2[4]              ; input_2[5]           ; 0.166             ;
; state_now.STATE_ADD     ; input_1[4]           ; 0.109             ;
; state_now.STATE_INIT_W2 ; input_2[2]           ; 0.097             ;
; state_now.STATE_ACC     ; input_2[6]           ; 0.073             ;
; state_now.STATE_INIT_W1 ; input_1[6]           ; 0.042             ;
+-------------------------+----------------------+-------------------+
Note: This table only shows the top 17 path(s) that have the largest delay added for hold.


