Flow report for aLm_test
Sat Nov 19 22:42:18 2022
Quartus Prime Version 22.3.0 Build 104 09/14/2022 SC Pro Edition


---------------------
; Table of Contents ;
---------------------
  1. Legal Notice
  2. Flow Summary
  3. Flow Settings
  4. Flow Non-Default Global Settings
  5. Flow Elapsed Time
  6. Flow OS Summary
  7. Flow Log



----------------
; Legal Notice ;
----------------
Copyright (C) 2022  Intel Corporation. All rights reserved.
Your use of Intel Corporation's design tools, logic functions 
and other software and tools, and any partner logic 
functions, and any output files from any of the foregoing 
(including device programming or simulation files), and any 
associated documentation or information are expressly subject 
to the terms and conditions of the Intel Program License 
Subscription Agreement, the Intel Quartus Prime License Agreement,
the Intel FPGA IP License Agreement, or other applicable license
agreement, including, without limitation, that your use is for
the sole purpose of programming logic devices manufactured by
Intel and sold by Intel or its authorized distributors.  Please
refer to the applicable agreement for further details, at
https://fpgasoftware.intel.com/eula.



+--------------------------------------------------------------------------+
; Flow Summary                                                             ;
+-----------------------------+--------------------------------------------+
; Flow Status                 ; Successful - Sat Nov 19 22:42:17 2022      ;
; Quartus Prime Version       ; 22.3.0 Build 104 09/14/2022 SC Pro Edition ;
; Revision Name               ; aLm_test                                   ;
; Top-level Entity Name       ; alm_mac_2bit                               ;
; Family                      ; Arria 10                                   ;
; Top-level Entity Name       ; alm_mac_2bit                               ;
; Device                      ; 10AX090H1F34E1SG                           ;
; Timing Models               ; Final                                      ;
; Power Models                ; Final                                      ;
; Device Status               ; Final                                      ;
; Logic utilization (in ALMs) ; 9 / 339,620 ( < 1 % )                      ;
; Total registers             ; 12                                         ;
; Total pins                  ; 15 / 618 ( 2 % )                           ;
; Total virtual pins          ; 0                                          ;
; Total block memory bits     ; 0 / 49,623,040 ( 0 % )                     ;
; Total RAM Blocks            ; 0 / 2,423 ( 0 % )                          ;
; Total DSP Blocks            ; 0 / 1,518 ( 0 % )                          ;
; Total HSSI RX channels      ; 0 / 24 ( 0 % )                             ;
; Total HSSI TX channels      ; 0 / 24 ( 0 % )                             ;
; Total PLLs                  ; 0 / 80 ( 0 % )                             ;
+-----------------------------+--------------------------------------------+


+-----------------------------------------+
; Flow Settings                           ;
+-------------------+---------------------+
; Option            ; Setting             ;
+-------------------+---------------------+
; Start date & time ; 11/19/2022 22:40:09 ;
; Main task         ; Compilation         ;
; Revision Name     ; aLm_test            ;
+-------------------+---------------------+


+-----------------------------------------------------------------------------------------------------------------------+
; Flow Non-Default Global Settings                                                                                      ;
+-------------------------------+----------------------------------------+---------------+-------------+----------------+
; Assignment Name               ; Value                                  ; Default Value ; Entity Name ; Section Id     ;
+-------------------------------+----------------------------------------+---------------+-------------+----------------+
; COMPILER_SIGNATURE_ID         ; 963354102584.166891560911087           ; --            ; --          ; --             ;
; DSP_BLOCK_BALANCING           ; Logic Elements                         ; Auto          ; --          ; --             ;
; EDA_OUTPUT_DATA_FORMAT        ; Verilog Hdl                            ; --            ; --          ; eda_simulation ;
; EDA_SIMULATION_TOOL           ; Questa Intel FPGA (Verilog)            ; <None>        ; --          ; --             ;
; EDA_TIME_SCALE                ; 1 ps                                   ; --            ; --          ; eda_simulation ;
; MAX_CORE_JUNCTION_TEMP        ; 100                                    ; --            ; --          ; --             ;
; MIN_CORE_JUNCTION_TEMP        ; 0                                      ; --            ; --          ; --             ;
; POWER_APPLY_THERMAL_MARGIN    ; -- (Not supported for targeted family) ; Off           ; --          ; --             ;
; POWER_BOARD_THERMAL_MODEL     ; None (CONSERVATIVE)                    ; --            ; --          ; --             ;
; POWER_PRESET_COOLING_SOLUTION ; 23 MM HEAT SINK WITH 200 LFPM AIRFLOW  ; --            ; --          ; --             ;
; PROJECT_OUTPUT_DIRECTORY      ; output_files                           ; --            ; --          ; --             ;
; TOP_LEVEL_ENTITY              ; alm_mac_2bit                           ; aLm_test      ; --          ; --             ;
+-------------------------------+----------------------------------------+---------------+-------------+----------------+


+------------------------------------------------------+
; Flow Elapsed Time                                    ;
+-----------------+--------------+---------------------+
; Module Name     ; Elapsed Time ; Peak Virtual Memory ;
+-----------------+--------------+---------------------+
; Synthesis       ; 00:00:03     ; 1640 MB             ;
; Fitter          ; 00:01:09     ; 7723 MB             ;
; Timing Analyzer ; 00:00:04     ; 2497 MB             ;
; Assembler       ; 00:00:47     ; 6699 MB             ;
; Total           ; 00:02:03     ; --                  ;
+-----------------+--------------+---------------------+


+---------------------------------------------------------------------------------+
; Flow OS Summary                                                                 ;
+-----------------+------------------+--------------+------------+----------------+
; Module Name     ; Machine Hostname ; OS Name      ; OS Version ; Processor type ;
+-----------------+------------------+--------------+------------+----------------+
; Synthesis       ; beluga           ; CentOS Linux ; 7          ; x86_64         ;
; Fitter          ; beluga           ; CentOS Linux ; 7          ; x86_64         ;
; Timing Analyzer ; beluga           ; CentOS Linux ; 7          ; x86_64         ;
; Assembler       ; beluga           ; CentOS Linux ; 7          ; x86_64         ;
+-----------------+------------------+--------------+------------+----------------+


------------
; Flow Log ;
------------
quartus_syn --read_settings_files=on --write_settings_files=off aLm_test -c aLm_test
quartus_fit --read_settings_files=on --write_settings_files=off aLm_test -c aLm_test
quartus_sta aLm_test -c aLm_test --mode=finalize
quartus_asm --read_settings_files=on --write_settings_files=off aLm_test -c aLm_test



