Fitter Route Stage Report for aLm_test
Sat Nov 19 22:41:16 2022
Quartus Prime Version 22.3.0 Build 104 09/14/2022 SC Pro Edition


---------------------
; Table of Contents ;
---------------------
  1. Legal Notice
  2. Delay Chain Summary
  3. Routing Usage Summary
  4. Route Messages



----------------
; Legal Notice ;
----------------
Copyright (C) 2022  Intel Corporation. All rights reserved.
Your use of Intel Corporation's design tools, logic functions 
and other software and tools, and any partner logic 
functions, and any output files from any of the foregoing 
(including device programming or simulation files), and any 
associated documentation or information are expressly subject 
to the terms and conditions of the Intel Program License 
Subscription Agreement, the Intel Quartus Prime License Agreement,
the Intel FPGA IP License Agreement, or other applicable license
agreement, including, without limitation, that your use is for
the sole purpose of programming logic devices manufactured by
Intel and sold by Intel or its authorized distributors.  Please
refer to the applicable agreement for further details, at
https://fpgasoftware.intel.com/eula.



+------------------------------------------------------------------------------------------------------------------------------------------------------------+
; Delay Chain Summary                                                                                                                                        ;
+-----------+----------+---------------------+--------------------+----------------+-----------------------------------+-------------------------------------+
; Name      ; Pin Type ; Input Delay Chain 0 ; Output Delay Chain ; OE Delay Chain ; IO_12_LANE Input Data Delay Chain ; IO_12_LANE Input Strobe Delay Chain ;
+-----------+----------+---------------------+--------------------+----------------+-----------------------------------+-------------------------------------+
; result[0] ; Output   ; --                  ; 0                  ; 0              ; --                                ; --                                  ;
; result[1] ; Output   ; --                  ; 0                  ; 0              ; --                                ; --                                  ;
; result[2] ; Output   ; --                  ; 0                  ; 0              ; --                                ; --                                  ;
; result[3] ; Output   ; --                  ; 0                  ; 0              ; --                                ; --                                  ;
; result[4] ; Output   ; --                  ; 0                  ; 0              ; --                                ; --                                  ;
; result[5] ; Output   ; --                  ; 0                  ; 0              ; --                                ; --                                  ;
; result[6] ; Output   ; --                  ; 0                  ; 0              ; --                                ; --                                  ;
; result[7] ; Output   ; --                  ; 0                  ; 0              ; --                                ; --                                  ;
; clk       ; Input    ; 0                   ; --                 ; --             ; --                                ; --                                  ;
; reset     ; Input    ; 0                   ; --                 ; --             ; --                                ; --                                  ;
; acc_en    ; Input    ; 0                   ; --                 ; --             ; --                                ; --                                  ;
; a[0]      ; Input    ; 0                   ; --                 ; --             ; --                                ; --                                  ;
; b[0]      ; Input    ; 0                   ; --                 ; --             ; --                                ; --                                  ;
; b[1]      ; Input    ; 0                   ; --                 ; --             ; --                                ; --                                  ;
; a[1]      ; Input    ; 0                   ; --                 ; --             ; --                                ; --                                  ;
+-----------+----------+---------------------+--------------------+----------------+-----------------------------------+-------------------------------------+


+---------------------------------------------------------+
; Routing Usage Summary                                   ;
+------------------------------+--------------------------+
; Routing Resource Type        ; Usage                    ;
+------------------------------+--------------------------+
; Block interconnects          ; 28 / 3,375,986 ( < 1 % ) ;
; C27 interconnects            ; 0 / 56,741 ( 0 % )       ;
; C4 interconnects             ; 93 / 2,570,048 ( < 1 % ) ;
; Direct links                 ; 9 / 3,375,986 ( < 1 % )  ;
; Global clocks                ; 1 / 32 ( 3 % )           ;
; Periphery clocks             ; 0 / 910 ( 0 % )          ;
; R3 interconnects             ; 3 / 1,214,760 ( < 1 % )  ;
; R32 interconnects            ; 0 / 99,472 ( 0 % )       ;
; R32/C27 interconnect drivers ; 0 / 385,136 ( 0 % )      ;
; R6 interconnects             ; 6 / 2,336,152 ( < 1 % )  ;
; Regional clock lefts         ; 0 / 16 ( 0 % )           ;
; Regional clock out bottoms   ; 0 / 16 ( 0 % )           ;
; Regional clock out tops      ; 0 / 16 ( 0 % )           ;
; Regional clock rights        ; 0 / 16 ( 0 % )           ;
; Regional clocks              ; 0 / 16 ( 0 % )           ;
; Spine buffers                ; 1 / 704 ( < 1 % )        ;
; Spine clocks                 ; 1 / 1,056 ( < 1 % )      ;
; Spine feedthroughs           ; 0 / 1,024 ( 0 % )        ;
+------------------------------+--------------------------+


+----------------+
; Route Messages ;
+----------------+
Info (20030): Parallel compilation is enabled and will use 16 of the 16 processors detected
Info: *******************************************************************
Info: Running Quartus Prime Fitter
    Info: Version 22.3.0 Build 104 09/14/2022 SC Pro Edition
    Info: Processing started: Sat Nov 19 22:40:13 2022
    Info: System process ID: 11125
Info: Command: quartus_fit --read_settings_files=on --write_settings_files=off aLm_test -c aLm_test
Info: qfit2_default_script.tcl version: #1
Info: Project  = aLm_test
Info: Revision = aLm_test
Info (170193): Fitter routing operations beginning
Info (170199): The Fitter performed an Auto Fit compilation.  Optimizations were skipped to reduce compilation time.
    Info (170201): Optimizations that may affect the design's routability were skipped
    Info (170200): Optimizations that may affect the design's timing were skipped
Info (11888): Total time spent on timing analysis during Routing is 0.01 seconds.
Info (16607): Fitter routing operations ending: elapsed time is 00:00:14


