Synthesis report
Sat Nov 19 22:40:12 2022
Quartus Prime Version 22.3.0 Build 104 09/14/2022 SC Pro Edition


---------------------
; Table of Contents ;
---------------------
  1. Synthesis Summary
  2. Synthesis Settings
  3. Synthesis Source Files Read
  4. Synthesis Partition Summary
  5. Parameter Settings for User Entity Instance: mac
  6. Partition "root_partition" Resource Utilization by Entity
  7. General Register Statistics for Partition "root_partition"
  8. Multiplexer Restructuring Statistics (Restructuring Performed)
  9. Multiplier Implementation Report
 10. Parameter Settings for Inferred Entity Instance: mac|mult_0_rtl_0
 11. Preserve for Debug Assignments for Partition "root_partition"
 12. Post-Synthesis Netlist Statistics for Partition "root_partition"
 13. Synthesis Resource Usage Summary for Partition "root_partition"
 14. Synthesis Messages



+---------------------------------------------------------------+
; Synthesis Summary                                             ;
+-----------------------+---------------------------------------+
; Synthesis Status      ; Successful - Sat Nov 19 22:40:12 2022 ;
; Revision Name         ; aLm_test                              ;
; Top-level Entity Name ; alm_mac_2bit                          ;
; Family                ; Arria 10                              ;
+-----------------------+---------------------------------------+


+-------------------------------------------------------------------------------------------------------------------------------------+
; Synthesis Settings                                                                                                                  ;
+---------------------------------------------------------------------------------+-------------------------+-------------------------+
; Option                                                                          ; Setting                 ; Default Value           ;
+---------------------------------------------------------------------------------+-------------------------+-------------------------+
; Device                                                                          ; 10AX090H1F34E1SG        ;                         ;
; Top-level entity name                                                           ; alm_mac_2bit            ; aLm_test                ;
; Family name                                                                     ; Arria 10                ; Cyclone 10 GX           ;
; DSP Block Balancing                                                             ; Logic Elements          ; Auto                    ;
; Enable parallel Assembler and Timing Analyzer during compilation                ; On                      ; On                      ;
; Enable compact report table                                                     ; Off                     ; Off                     ;
; Design Assistant include IP blocks                                              ; Off                     ; Off                     ;
; High fanout net threshold for RAM inference                                     ; 15                      ; 15                      ;
; Design Assistant limit on reported violations per rule                          ; 5000                    ; 5000                    ;
; Optimization Mode                                                               ; Balanced                ; Balanced                ;
; Allow Register Merging                                                          ; On                      ; On                      ;
; Allow Register Duplication                                                      ; On                      ; On                      ;
; Allow Register Retiming                                                         ; On                      ; On                      ;
; Allow RAM Retiming                                                              ; Off                     ; Off                     ;
; Allow DSP Retiming                                                              ; Off                     ; Off                     ;
; Restructure Multiplexers                                                        ; Auto                    ; Auto                    ;
; MLAB Add Timing Constraints For Mixed-Port Feed-Through Mode Setting Don't Care ; Off                     ; Off                     ;
; Preserve fewer node names                                                       ; On                      ; On                      ;
; Intel FPGA IP Evaluation Mode                                                   ; Enable                  ; Enable                  ;
; Verilog Version                                                                 ; Verilog_2001            ; Verilog_2001            ;
; VHDL Version                                                                    ; VHDL_1993               ; VHDL_1993               ;
; State Machine Processing                                                        ; Auto                    ; Auto                    ;
; Safe State Machine                                                              ; Auto                    ; Auto                    ;
; Iteration limit for constant Verilog loops                                      ; 5000                    ; 5000                    ;
; Iteration limit for non-constant Verilog loops                                  ; 250                     ; 250                     ;
; Infer RAMs from Raw Logic                                                       ; On                      ; On                      ;
; NOT Gate Push-Back                                                              ; On                      ; On                      ;
; Power-Up Don't Care                                                             ; On                      ; On                      ;
; Remove Redundant Logic Cells                                                    ; Off                     ; Off                     ;
; Remove Duplicate Registers                                                      ; On                      ; On                      ;
; Ignore GLOBAL Buffers                                                           ; Off                     ; Off                     ;
; Ignore LCELL Buffers                                                            ; Off                     ; Off                     ;
; Ignore SOFT Buffers                                                             ; On                      ; On                      ;
; Optimization Technique                                                          ; Balanced                ; Balanced                ;
; Auto Open-Drain Pins                                                            ; On                      ; On                      ;
; Perform WYSIWYG Primitive Resynthesis                                           ; Off                     ; Off                     ;
; Auto ROM Replacement                                                            ; On                      ; On                      ;
; Auto RAM Replacement                                                            ; On                      ; On                      ;
; Auto DSP Block Replacement                                                      ; On                      ; On                      ;
; Auto Shift Register Replacement                                                 ; Auto                    ; Auto                    ;
; Allow Shift Register Merging across Hierarchies                                 ; Auto                    ; Auto                    ;
; Auto Clock Enable Replacement                                                   ; On                      ; On                      ;
; Strict RAM Replacement                                                          ; Off                     ; Off                     ;
; Allow Synchronous Control Signals                                               ; On                      ; On                      ;
; Force Use of Synchronous Clear Signals                                          ; Off                     ; Off                     ;
; Auto Resource Sharing                                                           ; Off                     ; Off                     ;
; Allow Any Shift Register Size For Recognition                                   ; Off                     ; Off                     ;
; Ignore translate_off and synthesis_off directives                               ; Off                     ; Off                     ;
; Timing-Driven Synthesis                                                         ; On                      ; On                      ;
; Ignore Maximum Fan-Out Assignments                                              ; Off                     ; Off                     ;
; Synchronization Register Chain Length                                           ; 3                       ; 3                       ;
; Power Optimization During Synthesis                                             ; Normal compilation      ; Normal compilation      ;
; HDL message level                                                               ; Level2                  ; Level2                  ;
; Number of Protected Registers Reported in Synthesis Report                      ; 100                     ; 100                     ;
; Number of Removed Registers Reported in Synthesis Report                        ; 5000                    ; 5000                    ;
; Number of Optimized Away Hierarchies Reported in Synthesis Report               ; 100                     ; 100                     ;
; Group Identical Hierarchies in Optimized Away Hierarchies Report                ; On                      ; On                      ;
; Number of Swept Nodes Reported in Synthesis Report                              ; 5000                    ; 5000                    ;
; Number of Inverted Registers Reported in Synthesis Report                       ; 100                     ; 100                     ;
; Clock MUX Protection                                                            ; On                      ; On                      ;
; Auto Gated Clock Conversion                                                     ; Off                     ; Off                     ;
; Block Design Naming                                                             ; Auto                    ; Auto                    ;
; SDC constraint protection                                                       ; Off                     ; Off                     ;
; Optimization and Constraint Precedence                                          ; Prioritize Optimization ; Prioritize Optimization ;
; Synthesis Effort                                                                ; Auto                    ; Auto                    ;
; Shift Register Replacement - Allow Asynchronous Clear Signal                    ; On                      ; On                      ;
; Analysis & Synthesis Message Level                                              ; Medium                  ; Medium                  ;
; Disable Register Merging Across Hierarchies                                     ; Auto                    ; Auto                    ;
; Resource Aware Inference For Block RAM                                          ; On                      ; On                      ;
; Automatic Parallel Synthesis                                                    ; On                      ; On                      ;
; Partial Reconfiguration Bitstream ID                                            ; Off                     ; Off                     ;
; Disable DSP Negate Inferencing                                                  ; Off                     ; Off                     ;
; Report Parameter Settings                                                       ; On                      ; On                      ;
; Report Parameter Settings to ASCII                                              ; On                      ; On                      ;
; Report Source Assignments                                                       ; On                      ; On                      ;
; Report Source Assignments to ASCII                                              ; On                      ; On                      ;
; Report Resource Utilization by Entity to ASCII                                  ; On                      ; On                      ;
; Size of the Latch Report                                                        ; 100                     ; 100                     ;
; Enable VHDL static assertion support                                            ; Off                     ; Off                     ;
; Enable SystemVerilog static assertion support                                   ; Off                     ; Off                     ;
; Enable State Machines Inference                                                 ; On                      ; On                      ;
; Allow RAMs Inferred In Generate-For Loop For Verilog                            ; Off                     ; Off                     ;
; Enable formal verification support during compilation                           ; Off                     ; Off                     ;
; Size of the PR Initial Conditions Report                                        ; 100                     ; 100                     ;
; Number of Registers with Ignored Power-Up Settings Reported in Synthesis Report ; 500                     ; 500                     ;
; Report PR Initial Values as Errors                                              ; Off                     ; Off                     ;
; Fractal Synthesis                                                               ; Off                     ; Off                     ;
; Synthesis Available Resource Multiplier                                         ; 1                       ; 1                       ;
; Message Level for Unconnected Output Ports                                      ; Warning                 ; Warning                 ;
; Pack Barrelshifters into Carry Chains for Better Area                           ; Auto                    ; Auto                    ;
; Initialize Verilog enums to X                                                   ; Off                     ; Off                     ;
; Enable dynamic report                                                           ; Off                     ; Off                     ;
; Enable preserve for debug assignments                                           ; Off                     ; Off                     ;
+---------------------------------------------------------------------------------+-------------------------+-------------------------+


+---------------------------------------------------------------------------------------------------------------------------------------------------------------------------------------------------------------------------------------------------+
; Synthesis Source Files Read                                                                                                                                                                                                                       ;
+----------------------------------------------------------------------+--------------------------------------------------+----------------------------------------------------------------------------+---------+----------------------------------+
; File Name with User-Entered Path                                     ; File Type                                        ; File Name with Absolute Path                                               ; Library ; MD5                              ;
+----------------------------------------------------------------------+--------------------------------------------------+----------------------------------------------------------------------------+---------+----------------------------------+
; tb_alm_mac_2bit.sv                                                   ; User-Specified SystemVerilog HDL File            ; /home/yuzong/Desktop/Research/BrAMAC/Quartus/ALM_Test/tb_alm_mac_2bit.sv   ;         ; 9d8dad88063fc9b7b4a72e1e87f35c1d ;
; alm_mac_2bit.sv                                                      ; User-Specified SystemVerilog HDL File            ; /home/yuzong/Desktop/Research/BrAMAC/Quartus/ALM_Test/alm_mac_2bit.sv      ;         ; fb214ebd10f91b2aebd6a2f23accc443 ;
; tb_alm_mac_4bit.sv                                                   ; User-Specified SystemVerilog HDL File            ; /home/yuzong/Desktop/Research/BrAMAC/Quartus/ALM_Test/tb_alm_mac_4bit.sv   ;         ; 3407067743e724850760f4e09a27682c ;
; alm_mac_4bit.sv                                                      ; User-Specified SystemVerilog HDL File            ; /home/yuzong/Desktop/Research/BrAMAC/Quartus/ALM_Test/alm_mac_4bit.sv      ;         ; a561bd068c98d31317015649e871ad7b ;
; tb_alm_mac_8bit.sv                                                   ; User-Specified SystemVerilog HDL File            ; /home/yuzong/Desktop/Research/BrAMAC/Quartus/ALM_Test/tb_alm_mac_8bit.sv   ;         ; 67ee7a57cb7e7a756bc06dccaea87693 ;
; alm_mac.sv                                                           ; User-Specified SystemVerilog HDL File            ; /home/yuzong/Desktop/Research/BrAMAC/Quartus/ALM_Test/alm_mac.sv           ;         ; 69ffddefc0bc6299dddd6307f579432b ;
; alm_mac_8bit.sv                                                      ; User-Specified SystemVerilog HDL File            ; /home/yuzong/Desktop/Research/BrAMAC/Quartus/ALM_Test/alm_mac_8bit.sv      ;         ; 1b25ac0218951108001d2c1151cdac13 ;
; alm_mac.sdc                                                          ; User-Specified Synopsys Design Constraints File  ; /home/yuzong/Desktop/Research/BrAMAC/Quartus/ALM_Test/alm_mac.sdc          ;         ; e107b657c4891ca109fbc2202ee07db2 ;
; /opt/IntelFPGA_pro/22.3/quartus/libraries/megafunctions/lpm_mult.tdf ; Megafunction                                     ; /opt/IntelFPGA_pro/22.3/quartus/libraries/megafunctions/lpm_mult.tdf       ; work    ;                                  ;
; aglobal223.inc                                                       ; Auto-Found AHDL File                             ; /opt/IntelFPGA_pro/22.3/quartus/libraries/megafunctions/aglobal223.inc     ;         ;                                  ;
; lpm_add_sub.inc                                                      ; Auto-Found AHDL File                             ; /opt/IntelFPGA_pro/22.3/quartus/libraries/megafunctions/lpm_add_sub.inc    ;         ;                                  ;
; multcore.inc                                                         ; Auto-Found AHDL File                             ; /opt/IntelFPGA_pro/22.3/quartus/libraries/megafunctions/multcore.inc       ;         ;                                  ;
; bypassff.inc                                                         ; Auto-Found AHDL File                             ; /opt/IntelFPGA_pro/22.3/quartus/libraries/megafunctions/bypassff.inc       ;         ;                                  ;
; altshift.inc                                                         ; Auto-Found AHDL File                             ; /opt/IntelFPGA_pro/22.3/quartus/libraries/megafunctions/altshift.inc       ;         ;                                  ;
; cbx.lst                                                              ; Auto-Found Unspecified File                      ; /opt/IntelFPGA_pro/22.3/quartus/libraries/megafunctions/cbx.lst            ;         ;                                  ;
; /opt/IntelFPGA_pro/22.3/quartus/libraries/megafunctions/multcore.tdf ; Megafunction                                     ; /opt/IntelFPGA_pro/22.3/quartus/libraries/megafunctions/multcore.tdf       ; work    ;                                  ;
; csa_add.inc                                                          ; Auto-Found AHDL File                             ; /opt/IntelFPGA_pro/22.3/quartus/libraries/megafunctions/csa_add.inc        ;         ;                                  ;
; mpar_add.inc                                                         ; Auto-Found AHDL File                             ; /opt/IntelFPGA_pro/22.3/quartus/libraries/megafunctions/mpar_add.inc       ;         ;                                  ;
; muleabz.inc                                                          ; Auto-Found AHDL File                             ; /opt/IntelFPGA_pro/22.3/quartus/libraries/megafunctions/muleabz.inc        ;         ;                                  ;
; mul_lfrg.inc                                                         ; Auto-Found AHDL File                             ; /opt/IntelFPGA_pro/22.3/quartus/libraries/megafunctions/mul_lfrg.inc       ;         ;                                  ;
; mul_boothc.inc                                                       ; Auto-Found AHDL File                             ; /opt/IntelFPGA_pro/22.3/quartus/libraries/megafunctions/mul_boothc.inc     ;         ;                                  ;
; alt_ded_mult.inc                                                     ; Auto-Found AHDL File                             ; /opt/IntelFPGA_pro/22.3/quartus/libraries/megafunctions/alt_ded_mult.inc   ;         ;                                  ;
; alt_ded_mult_y.inc                                                   ; Auto-Found AHDL File                             ; /opt/IntelFPGA_pro/22.3/quartus/libraries/megafunctions/alt_ded_mult_y.inc ;         ;                                  ;
; dffpipe.inc                                                          ; Auto-Found AHDL File                             ; /opt/IntelFPGA_pro/22.3/quartus/libraries/megafunctions/dffpipe.inc        ;         ;                                  ;
; /opt/IntelFPGA_pro/22.3/quartus/libraries/megafunctions/altshift.tdf ; Megafunction                                     ; /opt/IntelFPGA_pro/22.3/quartus/libraries/megafunctions/altshift.tdf       ; work    ;                                  ;
+----------------------------------------------------------------------+--------------------------------------------------+----------------------------------------------------------------------------+---------+----------------------------------+


+--------------------------------------------------------------------------------------------+
; Synthesis Partition Summary                                                                ;
+----------------+----------------+---------+--------------+-------+-------------------------+
; Partition Name ; Hierarchy Path ; Type    ; Preservation ; Empty ; Partition Database File ;
+----------------+----------------+---------+--------------+-------+-------------------------+
; root_partition ; |              ; Default ;              ;       ;                         ;
+----------------+----------------+---------+--------------+-------+-------------------------+


+--------------------------------------------------+
; Parameter Settings for User Entity Instance: mac ;
+----------------+-------+-------------------------+
; Parameter Name ; Value ; Type                    ;
+----------------+-------+-------------------------+
; OWIDTH         ; 2     ; Signed Integer          ;
; AWIDTH         ; 8     ; Signed Integer          ;
+----------------+-------+-------------------------+


+---------------------------------------------------------------------------------------------------------------------------------------------------------------------------------------------------------+
; Partition "root_partition" Resource Utilization by Entity                                                                                                                                               ;
+----------------------------+---------------------+---------------------------+-------------------+------------+------+--------------+--------+----------------------------+--------------+--------------+
; Compilation Hierarchy Node ; Combinational ALUTs ; Dedicated Logic Registers ; Block Memory Bits ; DSP Blocks ; Pins ; Virtual Pins ; IOPLLs ; Full Hierarchy Name        ; Entity Name  ; Library Name ;
+----------------------------+---------------------+---------------------------+-------------------+------------+------+--------------+--------+----------------------------+--------------+--------------+
; |                          ; 17 (0)              ; 12 (0)                    ; 0                 ; 0          ; 0    ; 0            ; 0 (0)  ; |                          ; alm_mac_2bit ; altera_work  ;
;    |mac|                   ; 17 (13)             ; 12 (12)                   ; 0                 ; 0          ; 0    ; 0            ; 0 (0)  ; mac                        ; alm_mac      ; altera_work  ;
;       |mult_0_rtl_0|       ; 4 (0)               ; 0 (0)                     ; 0                 ; 0          ; 0    ; 0            ; 0 (0)  ; mac|mult_0_rtl_0           ; lpm_mult     ; work         ;
;          |mult_core|       ; 4 (4)               ; 0 (0)                     ; 0                 ; 0          ; 0    ; 0            ; 0 (0)  ; mac|mult_0_rtl_0|mult_core ; multcore     ; work         ;
+----------------------------+---------------------+---------------------------+-------------------+------------+------+--------------+--------+----------------------------+--------------+--------------+
Note: For table entries with two numbers listed, the numbers in parentheses indicate the number of resources of the given type used by the specific entity alone. The numbers listed outside of parentheses indicate the total resources of the given type used by the specific entity and all of its sub-entities in the hierarchy.


+------------------------------------------------------------+
; General Register Statistics for Partition "root_partition" ;
+----------------------------------------------+-------------+
; Statistic                                    ; Value       ;
+----------------------------------------------+-------------+
; Total registers                              ; 12          ;
; Number of registers using Synchronous Clear  ; 8           ;
; Number of registers using Synchronous Load   ; 0           ;
; Number of registers using Asynchronous Clear ; 0           ;
; Number of registers using Asynchronous Load  ; 0           ;
; Number of registers using Clock Enable       ; 12          ;
; Number of registers using Preset             ; 0           ;
+----------------------------------------------+-------------+


+--------------------------------------------------------------------------------------------------------------------------------------------------------------------+
; Multiplexer Restructuring Statistics (Restructuring Performed)                                                                                                     ;
+--------------------+-----------+---------------+----------------------+------------------------+------------+----------------------------+-------------------------+
; Multiplexer Inputs ; Bus Width ; Baseline Area ; Area if Restructured ; Saving if Restructured ; Registered ; Example Multiplexer Output ; Restructuring Performed ;
+--------------------+-----------+---------------+----------------------+------------------------+------------+----------------------------+-------------------------+
; 3:1                ; 8 bits    ; 16 LEs        ; 0 LEs                ; 16 LEs                 ; Yes        ; mac|old_result[0]          ; Yes                     ;
; 3:1                ; 4 bits    ; 8 LEs         ; 4 LEs                ; 4 LEs                  ; Yes        ; mac|bx[0]                  ; Yes                     ;
+--------------------+-----------+---------------+----------------------+------------------------+------------+----------------------------+-------------------------+


+-----------------------------------------------------------------------------------------------------------------------+
; Multiplier Implementation Report                                                                                      ;
+-----------------+---------------+---------------+----------------+--------+-------------------------------------------+
; Multiplier Name ; Input A Width ; Input B Width ; Output O Width ; Target ; Reason                                    ;
+-----------------+---------------+---------------+----------------+--------+-------------------------------------------+
; mac|mult_0      ; 2             ; 2             ; 4              ; logic  ; unmapped to meet DSP resource constraints ;
+-----------------+---------------+---------------+----------------+--------+-------------------------------------------+


+---------------------------------------------------------------------------------+
; Parameter Settings for Inferred Entity Instance: mac|mult_0_rtl_0               ;
+------------------------------------------------+----------+---------------------+
; Parameter Name                                 ; Value    ; Type                ;
+------------------------------------------------+----------+---------------------+
; AUTO_CARRY_CHAINS                              ; ON       ; Untyped             ;
; IGNORE_CARRY_BUFFERS                           ; OFF      ; Untyped             ;
; AUTO_CASCADE_CHAINS                            ; ON       ; AUTO_CASCADE        ;
; IGNORE_CASCADE_BUFFERS                         ; OFF      ; Untyped             ;
; LPM_WIDTHA                                     ; 2        ; Untyped             ;
; LPM_WIDTHB                                     ; 2        ; Untyped             ;
; LPM_WIDTHP                                     ; 4        ; Untyped             ;
; LPM_WIDTHR                                     ; 4        ; Untyped             ;
; LPM_WIDTHS                                     ; 1        ; Untyped             ;
; LPM_REPRESENTATION                             ; SIGNED   ; Untyped             ;
; LPM_PIPELINE                                   ; 0        ; Untyped             ;
; LATENCY                                        ; 0        ; Untyped             ;
; INPUT_A_IS_CONSTANT                            ; NO       ; Untyped             ;
; INPUT_B_IS_CONSTANT                            ; NO       ; Untyped             ;
; USE_EAB                                        ; OFF      ; Untyped             ;
; MAXIMIZE_SPEED                                 ; 5        ; Untyped             ;
; DEVICE_FAMILY                                  ; Arria 10 ; Untyped             ;
; CARRY_CHAIN                                    ; MANUAL   ; Untyped             ;
; APEX20K_TECHNOLOGY_MAPPER                      ; LUT      ; TECH_MAPPER_APEX20K ;
; DEDICATED_MULTIPLIER_CIRCUITRY                 ; NO       ; Untyped             ;
; DEDICATED_MULTIPLIER_MIN_INPUT_WIDTH_FOR_AUTO  ; 0        ; Untyped             ;
; DEDICATED_MULTIPLIER_MIN_OUTPUT_WIDTH_FOR_AUTO ; 0        ; Untyped             ;
; CBXI_PARAMETER                                 ; NOTHING  ; Untyped             ;
; INPUT_A_FIXED_VALUE                            ; Bx       ; Untyped             ;
; INPUT_B_FIXED_VALUE                            ; Bx       ; Untyped             ;
; USE_AHDL_IMPLEMENTATION                        ; OFF      ; Untyped             ;
+------------------------------------------------+----------+---------------------+


+---------------------------------------------------------------+
; Preserve for Debug Assignments for Partition "root_partition" ;
+------+--------+-----------------------------------------------+
; Name ; Status ; Notes                                         ;
+------+--------+-----------------------------------------------+
Notes: Table created because there is an active PRESERVE_FOR_DEBUG_ENABLE in the project, even though there are no tagged names within the partition.


+------------------------------------------------------------------+
; Post-Synthesis Netlist Statistics for Partition "root_partition" ;
+------------------------+-----------------------------------------+
; Type                   ; Count                                   ;
+------------------------+-----------------------------------------+
; boundary_port          ; 15                                      ;
; twentynm_ff            ; 12                                      ;
;     ENA                ; 4                                       ;
;     ENA SCLR           ; 8                                       ;
; twentynm_lcell_comb    ; 17                                      ;
;     arith              ; 8                                       ;
;         2 data inputs  ; 8                                       ;
;     normal             ; 9                                       ;
;         2 data inputs  ; 6                                       ;
;         4 data inputs  ; 3                                       ;
;                        ;                                         ;
; Number of carry chains ; 1                                       ;
; Max carry chain length ; 8                                       ;
;                        ;                                         ;
; Max LUT depth          ; 2.70                                    ;
; Average LUT depth      ; 1.87                                    ;
+------------------------+-----------------------------------------+


+-----------------------------------------------------------------+
; Synthesis Resource Usage Summary for Partition "root_partition" ;
+---------------------------------------------+-------------------+
; Resource                                    ; Usage             ;
+---------------------------------------------+-------------------+
; Estimate of Logic utilization (ALMs needed) ; 9                 ;
;                                             ;                   ;
; Combinational ALUT usage for logic          ; 17                ;
;     -- 7 input functions                    ; 0                 ;
;     -- 6 input functions                    ; 0                 ;
;     -- 5 input functions                    ; 0                 ;
;     -- 4 input functions                    ; 3                 ;
;     -- <=3 input functions                  ; 14                ;
;                                             ;                   ;
; Dedicated logic registers                   ; 12                ;
;                                             ;                   ;
; I/O pins                                    ; 15                ;
;                                             ;                   ;
; Total DSP Blocks                            ; 0                 ;
;     -- [A] Total Fixed Point DSP Blocks     ; 0                 ;
;     -- [B] Total Floating Point DSP Blocks  ; 0                 ;
;                                             ;                   ;
; Maximum fan-out node                        ; reset             ;
; Maximum fan-out                             ; 13                ;
; Total fan-out                               ; 99                ;
; Average fan-out                             ; 2.25              ;
+---------------------------------------------+-------------------+


+--------------------+
; Synthesis Messages ;
+--------------------+
Info: *******************************************************************
Info: Running Quartus Prime Synthesis
    Info: Version 22.3.0 Build 104 09/14/2022 SC Pro Edition
    Info: Processing started: Sat Nov 19 22:40:09 2022
    Info: System process ID: 11087
Info: Command: quartus_syn --read_settings_files=on --write_settings_files=off aLm_test -c aLm_test
Info: qis_default_flow_script.tcl version: #2
Info: Initializing Synthesis...
Info: Project = "aLm_test"
Info: Revision = "aLm_test"
Info: Analyzing source files
Info: Elaborating from top-level entity "alm_mac_2bit"
Info: Found 7 design entities
Info: There are 2 partitions after elaboration.
Info: Creating instance-specific data models and dissolving soft partitions
Info (18299): Expanding entity and wildcard assignments.
Info (18300): Expanded entity and wildcard assignments. Elapsed time: 00:00:00
Info: found pre-synthesis snapshots for 1 partition(s)
Info: Synthesizing partition "root_partition"
Info (278001): Inferred 1 megafunctions from design logic
    Info (278003): Inferred multiplier megafunction ("lpm_mult") from the following logic: "mac|mult_0_rtl_0" File: /home/yuzong/Desktop/Research/BrAMAC/Quartus/ALM_Test/alm_mac.sv Line: 15
Info (286030): Timing-Driven Synthesis is running
Info (21057): Implemented 40 device resources after synthesis - the final resource count might be different
    Info (21058): Implemented 7 input pins
    Info (21059): Implemented 8 output pins
    Info (21061): Implemented 25 logic cells
Info: Successfully synthesized partition
Info: Saving post-synthesis snapshots for 1 partition(s)
Info: Quartus Prime Synthesis was successful. 0 errors, 0 warnings
    Info: Peak virtual memory: 1640 megabytes
    Info: Processing ended: Sat Nov 19 22:40:12 2022
    Info: Elapsed time: 00:00:03
    Info: System process ID: 11087


