Synthesis report
Sat Nov 19 12:56:12 2022
Quartus Prime Version 22.3.0 Build 104 09/14/2022 SC Pro Edition


---------------------
; Table of Contents ;
---------------------
  1. Synthesis Summary
  2. Synthesis Settings
  3. Synthesis Source Files Read
  4. Synthesis IP Cores Summary
  5. Synthesis Partition Summary
  6. Partition "root_partition" Resource Utilization by Entity
  7. General Register Statistics for Partition "root_partition"
  8. Preserve for Debug Assignments for Partition "root_partition"
  9. Post-Synthesis Netlist Statistics for Partition "root_partition"
 10. Synthesis Resource Usage Summary for Partition "root_partition"
 11. Synthesis DSP Block Usage Summary for Partition "root_partition"
 12. Synthesis Messages



+---------------------------------------------------------------+
; Synthesis Summary                                             ;
+-----------------------+---------------------------------------+
; Synthesis Status      ; Successful - Sat Nov 19 12:56:11 2022 ;
; Revision Name         ; dSP_test                              ;
; Top-level Entity Name ; dsp_mac_8bit_test                     ;
; Family                ; Arria 10                              ;
+-----------------------+---------------------------------------+


+-------------------------------------------------------------------------------------------------------------------------------------+
; Synthesis Settings                                                                                                                  ;
+---------------------------------------------------------------------------------+-------------------------+-------------------------+
; Option                                                                          ; Setting                 ; Default Value           ;
+---------------------------------------------------------------------------------+-------------------------+-------------------------+
; Device                                                                          ; 10AX090H1F34E1SG        ;                         ;
; Top-level entity name                                                           ; dsp_mac_8bit_test       ; dSP_test                ;
; Family name                                                                     ; Arria 10                ; Cyclone 10 GX           ;
; Verilog Version                                                                 ; SystemVerilog_2012      ; Verilog_2001            ;
; Enable parallel Assembler and Timing Analyzer during compilation                ; On                      ; On                      ;
; Enable compact report table                                                     ; Off                     ; Off                     ;
; Design Assistant include IP blocks                                              ; Off                     ; Off                     ;
; High fanout net threshold for RAM inference                                     ; 15                      ; 15                      ;
; Design Assistant limit on reported violations per rule                          ; 5000                    ; 5000                    ;
; Optimization Mode                                                               ; Balanced                ; Balanced                ;
; Allow Register Merging                                                          ; On                      ; On                      ;
; Allow Register Duplication                                                      ; On                      ; On                      ;
; Allow Register Retiming                                                         ; On                      ; On                      ;
; Allow RAM Retiming                                                              ; Off                     ; Off                     ;
; Allow DSP Retiming                                                              ; Off                     ; Off                     ;
; Restructure Multiplexers                                                        ; Auto                    ; Auto                    ;
; MLAB Add Timing Constraints For Mixed-Port Feed-Through Mode Setting Don't Care ; Off                     ; Off                     ;
; Preserve fewer node names                                                       ; On                      ; On                      ;
; Intel FPGA IP Evaluation Mode                                                   ; Enable                  ; Enable                  ;
; VHDL Version                                                                    ; VHDL_1993               ; VHDL_1993               ;
; State Machine Processing                                                        ; Auto                    ; Auto                    ;
; Safe State Machine                                                              ; Auto                    ; Auto                    ;
; Iteration limit for constant Verilog loops                                      ; 5000                    ; 5000                    ;
; Iteration limit for non-constant Verilog loops                                  ; 250                     ; 250                     ;
; Infer RAMs from Raw Logic                                                       ; On                      ; On                      ;
; DSP Block Balancing                                                             ; Auto                    ; Auto                    ;
; NOT Gate Push-Back                                                              ; On                      ; On                      ;
; Power-Up Don't Care                                                             ; On                      ; On                      ;
; Remove Redundant Logic Cells                                                    ; Off                     ; Off                     ;
; Remove Duplicate Registers                                                      ; On                      ; On                      ;
; Ignore GLOBAL Buffers                                                           ; Off                     ; Off                     ;
; Ignore LCELL Buffers                                                            ; Off                     ; Off                     ;
; Ignore SOFT Buffers                                                             ; On                      ; On                      ;
; Optimization Technique                                                          ; Balanced                ; Balanced                ;
; Auto Open-Drain Pins                                                            ; On                      ; On                      ;
; Perform WYSIWYG Primitive Resynthesis                                           ; Off                     ; Off                     ;
; Auto ROM Replacement                                                            ; On                      ; On                      ;
; Auto RAM Replacement                                                            ; On                      ; On                      ;
; Auto DSP Block Replacement                                                      ; On                      ; On                      ;
; Auto Shift Register Replacement                                                 ; Auto                    ; Auto                    ;
; Allow Shift Register Merging across Hierarchies                                 ; Auto                    ; Auto                    ;
; Auto Clock Enable Replacement                                                   ; On                      ; On                      ;
; Strict RAM Replacement                                                          ; Off                     ; Off                     ;
; Allow Synchronous Control Signals                                               ; On                      ; On                      ;
; Force Use of Synchronous Clear Signals                                          ; Off                     ; Off                     ;
; Auto Resource Sharing                                                           ; Off                     ; Off                     ;
; Allow Any Shift Register Size For Recognition                                   ; Off                     ; Off                     ;
; Ignore translate_off and synthesis_off directives                               ; Off                     ; Off                     ;
; Timing-Driven Synthesis                                                         ; On                      ; On                      ;
; Ignore Maximum Fan-Out Assignments                                              ; Off                     ; Off                     ;
; Synchronization Register Chain Length                                           ; 3                       ; 3                       ;
; Power Optimization During Synthesis                                             ; Normal compilation      ; Normal compilation      ;
; HDL message level                                                               ; Level2                  ; Level2                  ;
; Number of Protected Registers Reported in Synthesis Report                      ; 100                     ; 100                     ;
; Number of Removed Registers Reported in Synthesis Report                        ; 5000                    ; 5000                    ;
; Number of Optimized Away Hierarchies Reported in Synthesis Report               ; 100                     ; 100                     ;
; Group Identical Hierarchies in Optimized Away Hierarchies Report                ; On                      ; On                      ;
; Number of Swept Nodes Reported in Synthesis Report                              ; 5000                    ; 5000                    ;
; Number of Inverted Registers Reported in Synthesis Report                       ; 100                     ; 100                     ;
; Clock MUX Protection                                                            ; On                      ; On                      ;
; Auto Gated Clock Conversion                                                     ; Off                     ; Off                     ;
; Block Design Naming                                                             ; Auto                    ; Auto                    ;
; SDC constraint protection                                                       ; Off                     ; Off                     ;
; Optimization and Constraint Precedence                                          ; Prioritize Optimization ; Prioritize Optimization ;
; Synthesis Effort                                                                ; Auto                    ; Auto                    ;
; Shift Register Replacement - Allow Asynchronous Clear Signal                    ; On                      ; On                      ;
; Analysis & Synthesis Message Level                                              ; Medium                  ; Medium                  ;
; Disable Register Merging Across Hierarchies                                     ; Auto                    ; Auto                    ;
; Resource Aware Inference For Block RAM                                          ; On                      ; On                      ;
; Automatic Parallel Synthesis                                                    ; On                      ; On                      ;
; Partial Reconfiguration Bitstream ID                                            ; Off                     ; Off                     ;
; Disable DSP Negate Inferencing                                                  ; Off                     ; Off                     ;
; Report Parameter Settings                                                       ; On                      ; On                      ;
; Report Parameter Settings to ASCII                                              ; On                      ; On                      ;
; Report Source Assignments                                                       ; On                      ; On                      ;
; Report Source Assignments to ASCII                                              ; On                      ; On                      ;
; Report Resource Utilization by Entity to ASCII                                  ; On                      ; On                      ;
; Size of the Latch Report                                                        ; 100                     ; 100                     ;
; Enable VHDL static assertion support                                            ; Off                     ; Off                     ;
; Enable SystemVerilog static assertion support                                   ; Off                     ; Off                     ;
; Enable State Machines Inference                                                 ; On                      ; On                      ;
; Allow RAMs Inferred In Generate-For Loop For Verilog                            ; Off                     ; Off                     ;
; Enable formal verification support during compilation                           ; Off                     ; Off                     ;
; Size of the PR Initial Conditions Report                                        ; 100                     ; 100                     ;
; Number of Registers with Ignored Power-Up Settings Reported in Synthesis Report ; 500                     ; 500                     ;
; Report PR Initial Values as Errors                                              ; Off                     ; Off                     ;
; Fractal Synthesis                                                               ; Off                     ; Off                     ;
; Synthesis Available Resource Multiplier                                         ; 1                       ; 1                       ;
; Message Level for Unconnected Output Ports                                      ; Warning                 ; Warning                 ;
; Pack Barrelshifters into Carry Chains for Better Area                           ; Auto                    ; Auto                    ;
; Initialize Verilog enums to X                                                   ; Off                     ; Off                     ;
; Enable dynamic report                                                           ; Off                     ; Off                     ;
; Enable preserve for debug assignments                                           ; Off                     ; Off                     ;
+---------------------------------------------------------------------------------+-------------------------+-------------------------+


+----------------------------------------------------------------------------------------------------------------------------------------------------------------------------------------------------------------------------------------------------------------------------------------------------------------------------------------------------------------------------------------------------------------------------------------+
; Synthesis Source Files Read                                                                                                                                                                                                                                                                                                                                                                                                            ;
+-------------------------------------------------------------------------------------------------------------------------+--------------------------------------------------+-------------------------------------------------------------------------------------------------------------------------------------------------------------------------------+----------------------------------------+----------------------------------+
; File Name with User-Entered Path                                                                                        ; File Type                                        ; File Name with Absolute Path                                                                                                                                                  ; Library                                ; MD5                              ;
+-------------------------------------------------------------------------------------------------------------------------+--------------------------------------------------+-------------------------------------------------------------------------------------------------------------------------------------------------------------------------------+----------------------------------------+----------------------------------+
; dsp_mac_8bit.ip                                                                                                         ; User-Specified IP File                           ; /home/yuzong/Desktop/Research/BrAMAC/Quartus/DSP_Test/dsp_mac_8bit.ip                                                                                                         ;                                        ; d3b60024444ec391b86dc8f636fa4836 ;
; dsp_mac_8bit/altera_a10_native_fixed_point_dsp_1910/synth/dsp_mac_8bit_altera_a10_native_fixed_point_dsp_1910_ztuzmfy.v ; User-Specified Verilog HDL File                  ; /home/yuzong/Desktop/Research/BrAMAC/Quartus/DSP_Test/dsp_mac_8bit/altera_a10_native_fixed_point_dsp_1910/synth/dsp_mac_8bit_altera_a10_native_fixed_point_dsp_1910_ztuzmfy.v ; altera_a10_native_fixed_point_dsp_1910 ; 0ed2ce5fc8ade98cd6570ba1be7d74ee ;
; dsp_mac_8bit/synth/dsp_mac_8bit.v                                                                                       ; User-Specified Verilog HDL File                  ; /home/yuzong/Desktop/Research/BrAMAC/Quartus/DSP_Test/dsp_mac_8bit/synth/dsp_mac_8bit.v                                                                                       ; dsp_mac_8bit                           ; 8536c233ec16765c43a932cfb7fe5804 ;
; dsp_mac_8bit_test.v                                                                                                     ; User-Specified Verilog HDL File                  ; /home/yuzong/Desktop/Research/BrAMAC/Quartus/DSP_Test/dsp_mac_8bit_test.v                                                                                                     ;                                        ; e4d460ad94be589bbcd0611e571a2e17 ;
; dsp_mac_8bit_test.sdc                                                                                                   ; User-Specified Synopsys Design Constraints File  ; /home/yuzong/Desktop/Research/BrAMAC/Quartus/DSP_Test/dsp_mac_8bit_test.sdc                                                                                                   ;                                        ; fe30ff68ff9da5db4bce0c9bd09202d0 ;
+-------------------------------------------------------------------------------------------------------------------------+--------------------------------------------------+-------------------------------------------------------------------------------------------------------------------------------------------------------------------------------+----------------------------------------+----------------------------------+


+-----------------------------------------------------------------------------------------------------------------------------------+
; Synthesis IP Cores Summary                                                                                                        ;
+-------------------+-----------------------------------+---------+--------------+--------------+-----------------+-----------------+
; Vendor            ; IP Core Name                      ; Version ; Release Date ; License Type ; Entity Instance ; IP Include File ;
+-------------------+-----------------------------------+---------+--------------+--------------+-----------------+-----------------+
; Intel Corporation ; altera_a10_native_fixed_point_dsp ; 19.1.0  ; N/A          ; N/A          ; dsp             ; dsp_mac_8bit.ip ;
+-------------------+-----------------------------------+---------+--------------+--------------+-----------------+-----------------+


+--------------------------------------------------------------------------------------------+
; Synthesis Partition Summary                                                                ;
+----------------+----------------+---------+--------------+-------+-------------------------+
; Partition Name ; Hierarchy Path ; Type    ; Preservation ; Empty ; Partition Database File ;
+----------------+----------------+---------+--------------+-------+-------------------------+
; root_partition ; |              ; Default ;              ;       ;                         ;
+----------------+----------------+---------+--------------+-------+-------------------------+


+--------------------------------------------------------------------------------------------------------------------------------------------------------------------------------------------------------------------------------------------------------------------------------------------------+
; Partition "root_partition" Resource Utilization by Entity                                                                                                                                                                                                                                        ;
+--------------------------------------+---------------------+---------------------------+-------------------+------------+------+--------------+--------+----------------------------------+-------------------------------------------------------------+----------------------------------------+
; Compilation Hierarchy Node           ; Combinational ALUTs ; Dedicated Logic Registers ; Block Memory Bits ; DSP Blocks ; Pins ; Virtual Pins ; IOPLLs ; Full Hierarchy Name              ; Entity Name                                                 ; Library Name                           ;
+--------------------------------------+---------------------+---------------------------+-------------------+------------+------+--------------+--------+----------------------------------+-------------------------------------------------------------+----------------------------------------+
; |                                    ; 1 (1)               ; 33 (33)                   ; 0                 ; 1          ; 0    ; 0            ; 0 (0)  ; |                                ; dsp_mac_8bit_test                                           ; altera_work                            ;
;    |dsp|                             ; 0 (0)               ; 0 (0)                     ; 0                 ; 1          ; 0    ; 0            ; 0 (0)  ; dsp                              ; dsp_mac_8bit                                                ; dsp_mac_8bit                           ;
;       |a10_native_fixed_point_dsp_0| ; 0 (0)               ; 0 (0)                     ; 0                 ; 1          ; 0    ; 0            ; 0 (0)  ; dsp|a10_native_fixed_point_dsp_0 ; dsp_mac_8bit_altera_a10_native_fixed_point_dsp_1910_ztuzmfy ; altera_a10_native_fixed_point_dsp_1910 ;
+--------------------------------------+---------------------+---------------------------+-------------------+------------+------+--------------+--------+----------------------------------+-------------------------------------------------------------+----------------------------------------+
Note: For table entries with two numbers listed, the numbers in parentheses indicate the number of resources of the given type used by the specific entity alone. The numbers listed outside of parentheses indicate the total resources of the given type used by the specific entity and all of its sub-entities in the hierarchy.


+------------------------------------------------------------+
; General Register Statistics for Partition "root_partition" ;
+----------------------------------------------+-------------+
; Statistic                                    ; Value       ;
+----------------------------------------------+-------------+
; Total registers                              ; 33          ;
; Number of registers using Synchronous Clear  ; 32          ;
; Number of registers using Synchronous Load   ; 0           ;
; Number of registers using Asynchronous Clear ; 0           ;
; Number of registers using Asynchronous Load  ; 0           ;
; Number of registers using Clock Enable       ; 0           ;
; Number of registers using Preset             ; 0           ;
+----------------------------------------------+-------------+


+---------------------------------------------------------------+
; Preserve for Debug Assignments for Partition "root_partition" ;
+------+--------+-----------------------------------------------+
; Name ; Status ; Notes                                         ;
+------+--------+-----------------------------------------------+
Notes: Table created because there is an active PRESERVE_FOR_DEBUG_ENABLE in the project, even though there are no tagged names within the partition.


+------------------------------------------------------------------+
; Post-Synthesis Netlist Statistics for Partition "root_partition" ;
+------------------------+-----------------------------------------+
; Type                   ; Count                                   ;
+------------------------+-----------------------------------------+
; boundary_port          ; 61                                      ;
; twentynm_ff            ; 33                                      ;
;     SCLR               ; 32                                      ;
;     plain              ; 1                                       ;
; twentynm_lcell_comb    ; 1                                       ;
;     normal             ; 1                                       ;
;         1 data inputs  ; 1                                       ;
; twentynm_mac           ; 1                                       ;
;                        ;                                         ;
; Number of carry chains ; 0                                       ;
; Max carry chain length ; 0                                       ;
;                        ;                                         ;
; Max LUT depth          ; 1.00                                    ;
; Average LUT depth      ; 0.02                                    ;
+------------------------+-----------------------------------------+


+-----------------------------------------------------------------+
; Synthesis Resource Usage Summary for Partition "root_partition" ;
+---------------------------------------------+-------------------+
; Resource                                    ; Usage             ;
+---------------------------------------------+-------------------+
; Estimate of Logic utilization (ALMs needed) ; 17                ;
;                                             ;                   ;
; Combinational ALUT usage for logic          ; 1                 ;
;     -- 7 input functions                    ; 0                 ;
;     -- 6 input functions                    ; 0                 ;
;     -- 5 input functions                    ; 0                 ;
;     -- 4 input functions                    ; 0                 ;
;     -- <=3 input functions                  ; 1                 ;
;                                             ;                   ;
; Dedicated logic registers                   ; 33                ;
;                                             ;                   ;
; I/O pins                                    ; 61                ;
;                                             ;                   ;
; Total DSP Blocks                            ; 1                 ;
;     -- [A] Total Fixed Point DSP Blocks     ; 1                 ;
;     -- [B] Total Floating Point DSP Blocks  ; 0                 ;
;                                             ;                   ;
; Maximum fan-out node                        ; reset             ;
; Maximum fan-out                             ; 34                ;
; Total fan-out                               ; 161               ;
; Average fan-out                             ; 1.68              ;
+---------------------------------------------+-------------------+


+------------------------------------------------------------------+
; Synthesis DSP Block Usage Summary for Partition "root_partition" ;
+------------------------------------------+-----------------------+
; Statistic                                ; Number Used           ;
+------------------------------------------+-----------------------+
; Sum of Two 18x18                         ; 1                     ;
; Total number of DSP blocks               ; 1                     ;
;                                          ;                       ;
; Fixed Point Signed Multiplier            ; 2                     ;
; Fixed Point Dedicated Output Accumulator ; 1                     ;
+------------------------------------------+-----------------------+
Note: DSP block merging and most register packing occurs during the fitter.


+--------------------+
; Synthesis Messages ;
+--------------------+
Info: *******************************************************************
Info: Running Quartus Prime Synthesis
    Info: Version 22.3.0 Build 104 09/14/2022 SC Pro Edition
    Info: Processing started: Sat Nov 19 12:56:02 2022
    Info: System process ID: 27119
Info: Command: quartus_syn --read_settings_files=on --write_settings_files=off dSP_test -c dSP_test
Info: qis_default_flow_script.tcl version: #2
Info: Initializing Synthesis...
Info: Project = "dSP_test"
Info: Revision = "dSP_test"
Info: Analyzing source files
Info: Elaborating from top-level entity "dsp_mac_8bit_test"
Info (18235): Library search order is as follows: "altera_a10_native_fixed_point_dsp_1910; dsp_mac_8bit". Quartus will look for undefined design units in your libraries in that order. To modify the ordering, please specify a semi-colon separated library list using the assignment LIBRARY_SEARCH_ORDER.
Info: Found 3 design entities
Info: There are 3 partitions after elaboration.
Info: Creating instance-specific data models and dissolving soft partitions
Info (18299): Expanding entity and wildcard assignments.
Info (18300): Expanded entity and wildcard assignments. Elapsed time: 00:00:00
Info: found pre-synthesis snapshots for 1 partition(s)
Info: Synthesizing partition "root_partition"
Info (286030): Timing-Driven Synthesis is running
Info (21057): Implemented 95 device resources after synthesis - the final resource count might be different
    Info (21058): Implemented 34 input pins
    Info (21059): Implemented 27 output pins
    Info (21061): Implemented 33 logic cells
    Info (21062): Implemented 1 DSP elements
Info: Successfully synthesized partition
Info: Saving post-synthesis snapshots for 1 partition(s)
Info: Quartus Prime Synthesis was successful. 0 errors, 0 warnings
    Info: Peak virtual memory: 1589 megabytes
    Info: Processing ended: Sat Nov 19 12:56:12 2022
    Info: Elapsed time: 00:00:10
    Info: System process ID: 27119


